// Jest Snapshot v1, https://goo.gl/fbAQLP

exports[`should render Loading Page correctly 1`] = `
<div
  className="loader"
>
  <img
    className="loader__image"
    src="/images/Ripple-2.9s-200px.gif"
  />
</div>
`;
