// Jest Snapshot v1, https://goo.gl/fbAQLP

exports[`should correctly render Login Page 1`] = `
<div
  className="box-layout"
>
  <div
    className="box-layout__box"
  >
    <h1
      className="box-layout__title"
    >
      React App Boilerplate
    </h1>
    <p>
      React App Boilerplate Subtitle
    </p>
    <button
      className="buttons"
    >
      Login with Google
    </button>
  </div>
</div>
`;
